[    0000000 Lnux versio 4.1.06-geer (buil@lgw01am64-0) gcc vesi 7.4.0 (buntu7.4.0-1ubuntu1~18.04.1)) #75-Ubuntu SMP Tue Oct 1 05:24:09 UTC 2019 (Ubuntu 4.15.0-66.75-generic 4.15.18)
[    0.000000] Command line: BOOT_IMAGE=/boot/vmlinuz-4.15.0-66-generic root=UUID=f3638ad1-09b3-4522-a2a0-7cc460e907bc ro console=tty1 console=ttyS0
[    0.000000] KERNEL supported cpus:
[    0.000000]   Intel GenuineIntel
[    0.000000]   AMD AuthenticAMD
[    0.000000]   Centaur CentaurHauls
[    0.000000] x86/fpu: Supporting XSAVE feature 0x001: 'x87 floating point registers'
[   0.000000] x86/fpu: Supporting XSAVE feature 0x002: 'SSE registers'
[    0.000000] x86/fp: uppoti XSAVE fture 0x00: AVX reiste'
[    0.000000 x86pu xste_ffset[2]:  76, xstesizes[2]:  256
[    0.000000] x86/fpu: Enabled xstate features 0x7, context size is 832 bytes, using 'standard' format.
[    0.000000] e820: BIOS-provided physical RAM map:
[    0.000000] BIOS-e820: [mem 0x00000000000000x00000000fbff] usable
[    0.00000] IOS-e820[mem 0x0000000009fc00-0x000000000009ffff] reserved
[    0.00000] BIOS-e82: [mem 0x0000000000f0000-0x00000000000fffff] reserved
[    0.000000] BIOS-e820: [mem 0x0000000000100000-0x000000003ffeffff] usable
[    0.000000] BIOS-e820: [mem 0x000000003fff0000-0x000000003fffffff] ACPIdata
[  0.0000] OS-e820: em 0x00000fe000-0x00000fec00f]reserved
[   00000 BOS-e82: em 0x00000000fee00000x0000000fee00f] eserved
[  0.000000] BIOS-e820: [mem 0x00000000fffc0000-0x00000000ffffffff] reserved
[    0.0000] NX (Execute Disable)rotecion: active
[    0.000000] SMBIOS 2.5 present.
[    0.000000] DMI: innotek GmbH VirtualBox/VirtualBox, BIOS VirtualBox 12/01/2006
[    0.000000] Hypervisor detected: KVM
[    0.000000] e820: last_pfn = 0x3fff0 max_arch_fn= 0x000000
[   .00000] TR: Disale
    0.000000] 6/PAT: MTR dsabled, skppg PAT initiliaton to.
[   0.000000] CPU MTRRs all blank - virtualized system.
[    0.000000] x86/PAT: Configuration [0-7]: WB  WT  UC- UC  WB  WT  UC- UC  

[    0.000000] found SMP MP-table at [mem 0x0009fff0-0x0009ffff]
[    0.000000] Scanning 1 areas for low memory corutin
[    0.0000] RAMDISK: mem 0x35981000-0x36cb7fff]
[    0.000000] ACPI: Early table checksum verification disabled
[    0.000000]ACPI: RSDP 0x000000000E000 000024 (v0 VOX  )
[    0.000000] ACPI: XSDT 0x000000003FFF0030 0000C v01 VBOX  VBOXXSDT 0000001 ASL  00000061)
[    .000000] ACI:FACP 0x0000003FFF00F 0000F4 (v04 VBOX   VBOXFACP 00000001 ASL  00000061)
[    0.000000] ACI: DSDT 0x000000003FFF0470 00021FF (v02 VBOX   VBOXBIOS 00000002 INTL 210052)
[    000000] ACPIFAS 0x000000003FF0200 0004
[    0.00000] ACPI: FACS 0x0000003FFF00000040[    000000] ACPI: APIC0x0000003FF0240 00005 (v0 VBOX   BOAPC 00000001 ASL  00000061)
[    0.000000] ACPI: SSSDT 0x000000003FFF02A0 0001CC (v01 VBOX   VBOXCPUT 00000002 INTL 20100528)
[    0.000000] No NUMA configation found
[    0.0000] Faking a noe at [mem 0x00000000000000-0x000000003fffff]
[    0.0000] ODE_DATA(0) alloatd [mem 0x3ffc500-0x3ffeffff]
[    0.000000] kvm-clock: cpu 0, msr 0:3ff44001, primary cpu clock
[    0.000000] kvm-clock: Using msrs 4b564d01 and 4b564d00
[    0.000000] kvm-clock: using sched offset of 3928525017 cycles
[    0.000000] clocksource: kvmclock: mask: 0xffffffffffffffff max_cyces: 0x1cd42e4dffb, max_idle_ns: 881590591483 ns
[    0.000000] Zone ranges:
[    0.000000]   DMA      [em 0x00000000000100-0x000000000ffffff]
[    0.000000]   DMA32    [mem0x000000001000000-0x000000003ffefff]
[   0.000000]  ormal  empty[    0.00000   Device  emty
[   0.00000] Movable zone start for each node
[    0.000000] Early memory node ranges
[    0.000000]   node   0: [mem 0x0000000000001000-0x000000000009eff]
[   0.000000]   node   0: [mem 0x0000000000100000-0x000000003ffeffff]
[    0.000000] Reserved but unavailable: 98 pages
[    0.000000] Initmem setup node 0 [mem 0x0000000000001000-0x000000003ffeffff]
[    0.000000] ACPI: PM-Timer IO Port: 0x4008
[    0.000000] IOAPIC[0]: apic_id 2, version 32, adress xfec00000 GI 0-3[   0.00000] ACPI IT_SRC_OV (bu 0bus_irq 0 global_rq2 dfl fl)
[    0.000000] ACPI: INT_SRC_OVR (bus 0 bus_irq 9 global_irq 9 low level)
[    0.000000] Using ACPI (MADT) fr SMP configuration information
[    0.000000] smpboot: Allowing 2 CPUs, 0 hotplug CPUs
[    0.000000] PM: Registered nosave memory: [mem 0x00000000-0x0000fff]
[    0.000000] PM: Registered noave memory: [mem 0x009f0-0x0009ffff]
[    000000] PM: Registered nav memory: [mm 0x0a0000-0x000effff]
[    0.0000] PM: Regstered nosave memory: [mem 0x000f0000-0x000ffff]
[    0.000000]e80:[mem 0x400000-xfebfffff]avilable for PCI devces
[    0.000000] ooing parirtulized kernel on KVM
[   .000000]clcksouce: refine-jiffes: mask: 0xffffffffmax_cyces: 0xffffffff, max_idlens: 7645519600211568 ns
[    0.000000] random: get_random_bytes called from start_kernel+0x99/0x4fd with crng_init=0
[    0.000000] setup_percpu: NR_CPUS:8192 nr_cpumask_bits:2 nr_cpu_ids:2 nr_node_ids:1
[    0.000000] percpu: Embedded 46 pages/cpu s151552 r8192 d28672 u1048576
[    0.000000] PV qspinlock hash table entries: 256 (order: 0, 4096 bytes)
[    0.000000] Built 1 zonelists, mobility grouping on.  Total pages: 257913
[    0.000000] Policy zone: DMA32
[    0.000000] Kernel command line: BOOT_IMAGE=/boot/vmlinuz-4.15.0-66-generic root=UUID=f3638ad1-09b3-4522-a2a0-7cc460e907bc ro console=tty1 console=ttyS0
[    0.000000] Memory: 982904K/1048120K available (12300K kernel code, 2481K rwdata, 4260K rodata, 2436K init, 2388K bss, 65216K reserved, 0K cma-reserved)
[    0.000000] SLUB: HWalign=64, Order=0-3, MinObjects=0, CPUs=2, Nodes=1
[    0.000000] Kernel/User page tables isolation: enabled
[    0.000000] ftrace: allocating 39306 entries in 154 pages
[    0.004000] Hierarchical RCU implementation.
[    0.004000] 	RCU restricting CPUs from NR_CPUS=8192 to nr_cpu_ids=2.
[    0.004000] 	Tasks RCU enabled.
[    0.004000] RCU: Adjusting geometry for rcu_fanout_leaf=16, nr_cpu_ids=2
[    0.004000] NR_IRQS: 524544, nr_irqs: 440, preallocated irqs: 16
[    0.004000] Console: colour VGA+ 80x25
[    0.004000] console [tty1] enabled
[    0.004000] console [ttyS0] enabled
[    0.004000] ACPI: Core revision 20170831
[    0.00000] ACPI: 2 ACPI AML tables successfully acquired and loaded
[   0.004000] APIC: Switch to symmetric I/O mode setup
[    0.004304] x2apic enabled
[    0.005663] Switched APIC routing to physical x2apic.
[    0.009149] ..TIMER: vector=0x30 apic1=0 pin1=2 apic2=-1 pin2=-1
[    0.012005] tsc: Detected 2399.998 MHz processor
[    0.013262] Calibrating delay loop (skipped) preset value.. 4799.99 BogoMIPS (lpj=9599992)
[    0.016006] pid_max: default: 32768 minimum: 301
[    0.017516] Security Framework initialized
[    0.018732] Yama: becoming mindful.
[    0.020033] AppArmor: AppArmor initialized
[    0.026061] Dentry cache hash table entries: 131072 (order: 8, 1048576 bytes)
[    0.028131] Inode-cache hash table entries: 65536 (order: 7, 524288 bytes)
[    0.032021] Mount-cache hash table entries: 2048 (order: 2, 16384 bytes)
[    0.036014] Mountpoint-cache hash table entries: 2048 (order: 2, 16384 bytes)
[    0.037578] Last level iTLB entries: 4KB 64, 2MB 8, 4MB 8
[    0.038603] Last level dTLB entries: 4KB 64, 2MB 0, 4MB 0, 1GB 4
[    0.040002] Spectre V1 : Mitigation: usercopy/swapgs barriers and __user pointer sanitization
[    0.044005] Spectre V2 : Mitigation: Full generic retpoline
[    0.048004] Spectre V2 : Spectre v2 / SpectreRSB mitigation: Filling RSB on context switch
[    0.052003] Speculative Store Bypass: Vulnerable
[    0.056035] MDS: Vulnerable: Clear CPU buffers attempted, no microcode
[    0.060145] Freeing SMP alternatives memory: 36K
[    0.174742] smpboot: CPU0: Intel(R) Core(TM) i5-8279U CPU @ 2.40GHz (family: 0x6, model: 0x8e, stepping: 0xa)
[    0.176184] Performance Events: unsupported p6 CPU model 142 no PMU driver, software events only.
[    0.180067] Hierarchical SRCU implementation.
[    0.184861] NMI watchdog: Perf event create on CPU 0 failed with -2
[    0.188004] NMI watchdog: Perf NMI watchdog permanently disabled
[    0.192074] smp: Bringing up secondary CPUs ...
[    0.193410] x86: Booting SMP configuration:
[    0.194511] .... node  #0, CPUs:      #1
[    0.004000] kvm-clock: cpu 1, msr 0:3ff44041, secondary cpu clock
[    0.202755] smp: Brought up 1 node, 2 CPUs
[    0.204006] smpboot: Max logical packages: 1
[    0.208024] smpboot: Total of 2 processors activated (9599.99 BogoMIPS)
[    0.209730] devtmpfs: initialized
[    0.209730] x86/mm: Memory block size: 128MB
[    0.212146] evm: security.selinux
[    0.213064] evm: security.SMACK64
[    0.213871] evm: security.SMACK64EXEC
[    0.214870] evm: security.SMACK64TRANSMUTE
[    0.216004] evm: security.SMACK64MMAP
[    0.216873] evm: security.apparmor
[    0.218814] evm: security.ima
[    0.220004] evm: security.capability
[    0.224104] clocksource: jiffies: mask: 0xffffffff max_cycles: 0xffffffff, max_idle_ns: 7645041785100000 ns
[    0.226431] futex hash table entries: 512 (order: 3, 32768 bytes)
[    0.229535] pinctrl core: initialized pinctrl subsystem
[    0.230764] RTC time: 19:39:49, date: 11/13/19
[    0.232163] NET: Registered protocol family 16
[    0.235234] audit: initializing netlink subsys (disabled)
[    0.236059] audit: type=2000 audit(1573673986.717:1): state=initialized audit_enabled=0 res=1
[    0.472010] cpuidle: using governor ladder
[    0.476011] cpuidle: using governor menu
[    0.480069] ACPI: bus type PCI registered
[    0.484004] acpiphp: ACPI Hot Plug PCI Controller Driver version: 0.5
[    0.488120] PCI: Using configuration type 1 for base access
[    0.496053] HugeTLB registered 2.00 MiB page size, pre-allocated 0 pages
[    0.500082] ACPI: Added _OSI(Module Device)
[    0.504007] ACPI: Added _OSI(Processor Device)
[    0.508008] ACPI: Added _OSI(3.0 _SCP Extensions)
[    0.512008] ACPI: Added _OSI(Processor Aggregator Device)
[    0.516022] ACPI: Added _OSI(Linux-Dell-Video)
[    0.520011] ACPI: Added _OSI(Linux-Lenovo-NV-HDMI-Audio)
[    0.524033] ACPI: Added _OSI(Linux-HPI-Hybrid-Graphics)
[    0.528392] ACPI: Executed 1 blocks of module-level executable AML code
[    0.535252] ACPI: Interpreter enabled
[    0.536017] ACPI: (supports S0 S5)
[    0.536874] ACPI: Using IOAPIC for interrupt routing
[    0.538360] PCI: Using host bridge windows from ACPI; if necessary, use "pci=nocrs" and report a bug
[    0.540273] ACPI: Enabled 2 GPEs in block 00 to 07
[    0.547961] ACPI: PCI Root Bridge [PCI0] (domain 0000 [bus 00-ff])
[    0.548011] acpi PNP0A03:00: _OSC: OS supports [ASPM ClockPM Segments MSI]
[    0.552071] acpi PNP0A03:00: _OSC: not requesting OS control; OS requires [ExtendedConfig ASPM ClockPM MSI]
[    0.554249] acpi PNP0A03:00: fail to add MMCONFIG information, can't access extended PCI configuration space under this bridge.
[    0.556432] PCI host bridge to bus 0000:00
[    0.557232] pci_bus 0000:00: root bus resource [io  0x0000-0x0cf7 window]
[    0.558531] pci_bus 0000:00: root bus resource [io  0x0d00-0xffff window]
[    0.560003] pci_bus 0000:00: root bus resource [mem 0x000a0000-0x000bffff window]
[    0.561422] pci_bus 0000:00: root bus resource [mem 0x40000000-0xfdffffff window]
[    0.562881] pci_bus 0000:00: root bus resource [bus 00-ff]
[    0.567045] pci 0000:00:01.1: legacy IDE quirk: reg 0x10: [io  0x01f0-0x01f7]
[    0.568006] pci 0000:00:01.1: legacy IDE quirk: reg 0x14: [io  0x03f6]
[    0.572008] pci 0000:00:01.1: legacy IDE quirk: reg 0x18: [io  0x0170-0x0177]
[    0.576009] pci 0000:00:01.1: legacy IDE quirk: reg 0x1c: [io  0x0376]
[    0.599006] pci 0000:00:07.0: quirk: [io  0x4000-0x403f] claimed by PIIX4 ACPI
[    0.600020] pci 0000:00:07.0: quirk: [io  0x4100-0x410f] claimed by PIIX4 SMB
[    0.617399] ACPI: PCI Interrupt Link [LNKA] (IRQs 5 9 10 *11)
[    0.620296] ACPI: PCI Interrupt Link [LNKB] (IRQs 5 9 *10 11)
[    0.624124] ACPI: PCI Interrupt Link [LNKC] (IRQs 5 *9 10 11)
[    0.628226] ACPI: PCI Interrupt Link [LNKD] (IRQs 5 9 10 *11)
[    0.636397] SCSI subsystem initialized
[    0.639426] pci 0000:00:02.0: vgaarb: setting as boot VGA device
[    0.639426] pci 0000:00:02.0: vgaarb: VGA device added: decodes=io+mem,owns=io+mem,locks=none
[    0.640009] pci 0000:00:02.0: vgaarb: bridge control possible
[    0.644005] vgaarb: loaded
[    0.644792] ACPI: bus type USB registered
[    0.648050] usbcore: registered new interface driver usbfs
[    0.649540] usbcore: registered new interface driver hub
[    0.652032] usbcore: registered new device driver usb
[    0.653265] EDAC MC: Ver: 3.0.0
[    0.653265] PCI: Using ACPI for IRQ routing
[    0.656419] NetLabel: Initializing
[    0.657236] NetLabel:  domain hash size = 128
[    0.658357] NetLabel:  protocols = UNLABELED CIPSOv4 CALIPSO
[    0.660028] NetLabel:  unlabeled traffic allowed by default
[    0.661408] clocksource: Switched to clocksource kvm-clock
[    0.674745] VFS: Disk quotas dquot_6.6.0
[    0.675698] VFS: Dquot-cache hash table entries: 512 (order 0, 4096 bytes)
[    0.677238] AppArmor: AppArmorFisyemnaed[  0006]npPnACI init
    1.20476]npPnAC: ou 3eves
[    6254 clocksource: acpi_pm: mask: 0xffffff max_cycles: 0xffffff, max_idle_ns: 2085701024ns
[    1.758566] NET: Registered protocol family 2

[    1.760093] TCP established hash table entries: 8192 (order: 4, 65536 bytes)
[    1.762072] TCP bind hash table entries: 8192 (order: 5, 131072 bytes)
[    1.765197] TCP: Hash tables configured (established 8192 bind 8192)
[    1.766494] UDP hash table entries: 512 (order: 2, 16384 bytes)
[    1.767620] UDP-Lite hash table entries: 512 (order: 2, 16384 bytes)
[    1.768892] NET: Registered protocol family 1
[    1.769811] pci 0000:00:00.0: Limiting direct PCI/PCI transfers
[    1.709] i 0000:00:01.0: Activating ISA DMA hang workarounds
[    1.877366] pci 0000:00:02.0: Video devicewith shadowed ROM at [mem 0x000c0000-0x000dffff]

[    1.902228] Unpacking initramfs...
[  25782] eeg nid mo: 67
  2.56] ocoucetsc: mask: 0xffffffffffffffff maxcyes0x98b73,axdlns: 440795242976 ns  3.89] atrmtcmo: gier ptfm C vie (no PNP device found)

[    3.915511] Scanning for low memory corruption every 60 seconds
[    3.917736] Initialise system trusted keyrings
[    3.918772] Key type blacklist registered
[    3.919827] workingset: timestamp_bits=36 max_order=18 bucket_order=0
[    3.922408] zbud: loaded
[    3.923722] squashfs: version 4.0 (2009/01/31) Phillip Lougher
[    3.925721] fuse init (API version 7.26)
[    3.933128] Key type asymmetric registered
[    3.934183] Asymmetric key parser 'x509' registered
[    3.935457] Block layer SCSI generic (bsg) driver version 0.4 loaded (major 246)
[    3.937367] io scheduler noop registered
[    3.938445] io scheduler deadline registered
[    3.939804] io scheduler cfq registered (default)
[    3.945202] ACPI: AC Adapter [AC] (off-line)
[    3.946377] input: Power Button as /devices/LNXSYSTM:00/LNXPWRBN:00/input/input0
[    3.949524] ACPI: Power Button [PWRF]
[    3.950805] input: Sleep Button as /devices/LNXSYSTM:00/LNXSLPBN:00/input/input1
[    3.953060] ACPI: Sleep Button [SLPF]
[    3.955242] ACPI: Battery Slot [BAT0] (battery present)
[    3.956465] Serial: 8250/16550 driver, 32 ports, IRQ sharing enabled
[    3.981214] 00:02: ttyS0 at I/O 0x3f8 (irq = 4, base_baud = 115200) is a 16550A
[    4.111148] Linux agpgart interface v0.103
[    4.114451] loop: module loaded
[    4.115576] scsi host0: ata_piix
[    4.116376] scsi host1: ata_piix
[    4.117033] ata1: PATA max UDMA/33 cmd 0x1f0 ctl 0x3f6 bmdma 0xd000 irq 14
[    4.118270] ata2: PATA max UDMA/33 cmd 0x170 ctl 0x376 bmdma 0xd008 irq 15
[    4.119562] libphy: Fixed MDIO Bus: probed
[    4.120376] tun: Universal TUN/TAP device driver, 1.6
[    4.165694] PPP generic driver version 2.4.2
[    4.219662] ehci_hcd: USB 2.0 'Enhanced' Host Controller (EHCI) Driver
[    4.334838] ehci-pci: EHCI PCI platform driver
[    4.440899] ehci-platform: EHCI generic platform driver
[    4.544119] ohci_hcd: USB 1.1 'Open' Host Controller (OHCI) Driver
[    4.653620] ohci-pci: OHCI PCI platform driver
[    4.699893] ohci-platform: OHCI generic platform driver
[    4.764574] uhci_hcd: USB Universal Host Controller Interface driver
[    4.854875] i8042: PNP: PS/2 Controller [PNP0303:PS2K,PNP0f03:PS2M] at 0x60,0x64 irq 1,12
[    4.977186] serio: i8042 KBD port at 0x60,0x64 irq 1
[    5.004616] serio: i8042 AUX port at 0x60,0x64 irq 12
[    5.009426] mousedev: PS/2 mouse device common for all mice
[    5.011776] rtc_cmos rtc_cmos: rtc core: registered rtc_cmos as rtc0
[    5.013440] input: AT Translated Set 2 keyboard as /devices/platform/i8042/serio0/input/input2
[    5.015819] rtc_cmos rtc_cmos: alarms up to one day, 114 bytes nvram
[    5.021047] i2c /dev entries driver
[    5.022032] device-mapper: uevent: version 1.0.3
[    5.023415] device-mapper: ioctl: 4.37.0-ioctl (2017-09-20) initialised: dm-devel@redhat.com
[    5.025572] ledtrig-cpu: registered to indicate activity on CPUs
[    5.030258] NET: Registered protocol family 10
[    5.035718] Segment Routing with IPv6
[    5.036812] NET: Registered protocol family 17
[    5.040835] Key type dns_resolver registered
[    5.042315] mce: Using 0 MCE banks
[    5.043281] RAS: Correctable Errors collector initialized.
[    5.044800] sched_clock: Marking stable (5044758526, 0)->(14864597227, -9819838701)
[    5.047659] registered taskstats version 1
[    5.048594] Loading compiled-in X.509 certificates
[    5.051472] Loaded X.509 cert 'Build time autogenerated kernel key: 01a66adcc10ca4ce7676a3458c33483b0e2b806e'
[    5.053433] zswap: loaded using pool lzo/zbud
[    5.057338] Key type big_key registered
[    5.078127] Key type trusted registered
[    5.149305] Key type encrypted registered
[    5.224633] AppArmor: AppArmor sha1 policy hashing enabled
[    5.344859] ima: No TPM chip found, activating TPM-bypass! (rc=-19)
[    5.448809] ima: Allocated hash algorithm: sha1
[    5.521509] evm: HMAC attrs: 0x1
[    5.522712]   Magic number: 11:157:698
[    5.523833] rtc_cmos rtc_cmos: setting system clock to 2019-11-13 19:39:56 UTC (1573673996)
[    5.526197] BIOS EDD facility v0.16 2004-Jun-25, 0 devices found
[    5.527726] EDD information not available.
[    5.531177] Freeing unused kernel image memory: 2436K
[    5.553480] Write protecting the kernel read-only data: 20480k
[    5.555567] Freeing unused kernel image memory: 2008K
[    5.557318] Freeing unused kernel image memory: 1884K
[    5.562729] x86/mm: Checked W+X mappings: passed, no W+X pages found.
[    6.243761] x86/mm: Checking user space page tables
[    6.338835] x86/mm: Checked W+X mappings: passed, no W+X pages found.
Loading, please wait...
starting version 237
[    7.566749] e1000: Intel(R) PRO/1000 Network Driver - version 7.3.21-k8-NAPI
[    7.724402] e1000: Copyright (c) 1999-2006 Intel Corporation.
[    7.892830] Fusion MPT base driver 3.04.20
[    7.994218] Copyright (c) 1999-2008 LSI Corporation
[    8.176503] input: ImExPS/2 Generic Explorer Mouse as /devices/platform/i8042/serio1/input/input4
[    8.270570] AVX2 version of gcm_enc/dec engaged.
[    8.274842] AES CTR mode by8 optimization enabled
[    8.280283] Fusion MPT SPI Host driver 3.04.20
[    8.648963] e1000 0000:00:03.0 eth0: (PCI:33MHz:32-bit) 02:76:54:76:58:75
[    9.580284] e1000 0000:00:03.0 eth0: Intel(R) PRO/1000 Network Connection
[   11.272279] e1000 0000:00:08.0 eth1: (PCI:33MHz:32-bit) 08:00:27:b6:13:f0
[   11.587599] e1000 0000:00:08.0 eth1: Intel(R) PRO/1000 Network Connection
[   12.234931] e1000 0000:00:08.0 enp0s8: renamed from eth1
[   12.399291] mptbase: ioc0: Initiating bringup
[   12.485581] e1000 0000:00:03.0 enp0s3: renamed from eth0
[   13.114093] ioc0: LSI53C1030 A0: Capabilities={Initiator}
[   14.592511] scsi host2: ioc0: LSI53C1030 A0, FwRev=00000000h, Ports=1, MaxQ=256, IRQ=20
[   15.641265] scsi 2:0:0:0: Direct-Access     VBOX     HARDDISK         1.0  PQ: 0 ANSI: 5
[   15.948111] scsi target2:0:0: Beginning Domain Validation
[   15.959500] scsi target2:0:0: Domain Validation skipping write tests
[   15.961080] scsi target2:0:0: Ending Domain Validation
[   15.964420] scsi target2:0:0: asynchronous
[   15.966491] scsi 2:0:1:0: Direct-Access     VBOX     HARDDISK         1.0  PQ: 0 ANSI: 5
[   16.000508] scsi target2:0:1: Beginning Domain Validation
[   16.225307] random: fast init done
[   16.456675] scsi target2:0:1: Domain Validation skipping write tests
[   16.457817] scsi target2:0:1: Ending Domain Validation
[   16.570878] scsi target2:0:1: asynchronous
[   16.772186] random: systemd-udevd: uninitialized urandom read (16 bytes read)
[   16.772238] sd 2:0:0:0: Attached scsi generic sg0 type 0
[   16.773514] random: systemd-udevd: uninitialized urandom read (16 bytes read)
[   16.774677] sd 2:0:1:0: Attached scsi generic sg1 type 0
[   17.013748] random: systemd-udevd: uninitialized urandom read (16 bytes read)
[   17.030153] sd 2:0:0:0: [sda] 20971520 512-byte logical blocks: (10.7 GB/10.0 GiB)
[   17.033165] sd 2:0:0:0: [sda] Write Protect is off
[   17.036165] sd 2:0:1:0: [sdb] 20480 512-byte logical blocks: (10.5 MB/10.0 MiB)
[   17.043009] sd 2:0:0:0: [sda] Incomplete mode parameter data
[   17.048702] sd 2:0:1:0: [sdb] Write Protect is off
[   17.051149] sd 2:0:0:0: [sda] Assuming drive cache: write through
[   17.055719] sd 2:0:1:0: [sdb] Incomplete mode parameter data
[   17.536117] sd 2:0:1:0: [sdb] Assuming drive cache: write through
[   18.546119]  sda: sda1
[   18.547956] sd 2:0:1:0: [sdb] Attached SCSI disk
[   18.676484] sd 2:0:0:0: [sda] Attached SCSI disk
Begin: Loading essential drivers ... [   20.220189] raid6: sse2x1   gen() 13927 MB/s
[   20.348073] raid6: sse2x1   xor()  8502 MB/s
[   20.396349] raid6: sse2x2   gen() 15164 MB/s
[   20.500245] raid6: sse2x2   xor() 11598 MB/s
[   20.628121] raid6: sse2x4   gen() 19594 MB/s
[   20.756259] raid6: sse2x4   xor() 12416 MB/s
[   20.864087] raid6: avx2x1   gen() 28022 MB/s
[   20.984023] raid6: avx2x1   xor() 19169 MB/s
[   21.104053] raid6: avx2x2   gen() 33680 MB/s
[   21.208574] raid6: avx2x2   xor() 21670 MB/s
[   21.332354] raid6: avx2x4   gen() 39084 MB/s
[   21.448086] raid6: avx2x4   xor() 18569 MB/s
[   21.449308] raid6: using algorithm avx2x4 gen() 39084 MB/s
[   21.450864] raid6: .... xor() 18569 MB/s, rmw enabled
[   21.453537] raid6: using avx2x2 recovery algorithm
[   21.458323] xor: automatically using best checksumming function   avx       
[   21.461938] async_tx: api initialized (async)
done.
Begin: Running /scripts/init-premount ... done.
Begin: Mounting root file system ... Begin: Running /scripts/local-top ... done.
Begin: Running /scripts/local-premount ... [   21.503994] Btrfs loaded, crc32c=crc32c-intel
Scanning for Btrfs filesystems
done.
Warning: fsck not present, so sk[   21.786717] EXT4-fs (sda1): mounted filesystem with ordered data mode. Opts: (null)
ipping root file system
done.
Begin: Running /scripts/local-bottom ... done.
Begin: Running /scripts/init-bottom ... done.
[   21.966862] ip_tables: (C) 2000-2006 Netfilter Core Team
[   21.975041] systemd[1]: systemd 237 running in system mode. (+PAM +AUDIT +SELINUX +IMA +APPARMOR +SMACK +SYSVINIT +UTMP +LIBCRYPTSETUP +GCRYPT +GNUTLS +ACL +XZ +LZ4 +SECCOMP +BLKID +ELFUTILS +KMOD -IDN2 +IDN -PCRE2 default-hierarchy=hybrid)
[   21.978951] systemd[1]: Detected virtualization oracle.
[   21.979952] systemd[1]: Detected architecture x86-64.

Welcome to [1mUbuntu 18.04.3 LTS[0m!

[   22.018685] systemd[1]: Set hostname to <ubuntu-bionic>.
[   22.969274] systemd[1]: Created slice User and Session Slice.
[[0;32m  OK  [0m] Created slice User and Session Slice.
[   22.980319] systemd[1]: Reached target Swap.
[[0;32m  OK  [0m] Reached target Swap.
[   24.241242] systemd[1]: Reached target System Time Synchronized.
[[0;32m  OK  [0m] Reached target System Time Synchronized.
[   25.349619] systemd[1]: Created slice System Slice.
[[0;32m  OK  [0m] Created slice System Slice.
[   26.263115] systemd[1]: Listening on Device-mapper event daemon FIFOs.
[[0;32m  OK  [0m] Listening on Device-mapper event daemon FIFOs.
[   27.681703] systemd[1]: Listening on udev Kernel Socket.
[[0;32m  OK  [0m] Listening on udev Kernel Socket.
[   28.644383] systemd[1]: Listening on LVM2 poll daemon socket.
[[0;32m  OK  [0m] Listening on LVM2 poll daemon socket.
[   29.203316] systemd[1]: Listening on /dev/initctl Compatibility Named Pipe.
[[0;32m  OK  [0m] Listening on /dev/initctl Compatibility Named Pipe.
[   29.944385] systemd[1]: Listening on Syslog Socket.
[[0;32m  OK  [0m] Listening on Syslog Socket.
[   30.303067] systemd[1]: Reached target Slices.
[[0;32m  OK  [0m] Reached target Slices.
[   30.305964] systemd[1]: Started Forward Password Requests to Wall Directory Watch.
[[0;32m  OK  [0m] Started Forward Password Requests to Wall Directory Watch.
[   30.310589] systemd[1]: Listening on udev Control Socket.
[[0;32m  OK  [0m] Listening on udev Control Socket.
[   30.312605] systemd[1]: Reached target User and Group Name Lookups.
[[0;32m  OK  [0m] Reached target User and Group Name Lookups.
[   30.314949] systemd[1]: Listening on Journal Socket (/dev/log).
[[0;32m  OK  [0m] Listening on Journal Socket (/dev/log).
[   30.334592] systemd[1]: Created slice system-serial\x2dgetty.slice.
[[0;32m  OK  [0m] Created slice system-serial\x2dgetty.slice.
[[0;32m  OK  [0m] Listening on LVM2 metadata daemon socket.
[[0;32m  OK  [0m] Set up automount Arbitrary Executabâ€¦rmats File System Automount Point.
[[0;32m  OK  [0m] Listening on Network Service Netlink Socket.
[[0;32m  OK  [0m] Listening on Journal Audit Socket.
[[0;32m  OK  [0m] Listening on Journal Socket.
         Starting Load Kernel Modules...
         Starting Remount Root and Kernel File Systems...
         Starting Create list of required stâ€¦ce nodes for the current kernel...
         Starting Uncomplicated firewall...
         Mounting POSIX Message Queue File System...
         Starting Set the console keyboard layou[   31.401339] Loading iSCSI transport class v2.0-870.
t...
         Starting Journal Service...
         [   31.528790] iscsi: registered transport (tcp)
Mounting Kernel [   31.720414] EXT4-fs (sda1): re-mounted. Opts: (null)
Debug File System...
         Starting Monitoring of LVM2 mirrorsâ€¦ng dmeventd or progress polling...
         Mounting Huge Pages File System...[   31.972459] random: crng init done
[   31.973189] random: 7 urandom warning(s) missed due to ratelimiting

         Starting udev Coldplug all Devices...
[   32.012729] iscsi: registered transport (iser)
[[0;32m  OK  [0m] Started Journal Service.
[[0;32m  OK  [0m] Started Load Kernel Modules.
[[0;32m  OK  [0m] Started Remount Root and Kernel File Systems.
[[0;32m  OK  [0m] Started Create list of required staâ€¦vice nodes for the current kernel.
[[0;32m  OK  [0m] Started Uncomplicated firewall.
[[0;32m  OK  [0m] Mounted POSIX Message Queue File System.
[[0;32m  OK  [0m] Started Set the console keyboard layout.
[[0;32m  OK  [0m] Mounted Kernel Debug File System.
[[0;32m  OK  [0m] Mounted Huge Pages File System.
[[0;32m  OK  [0m] Started LVM2 metadata daemon.
         Starting Create Static Device Nodes in /dev...
         Starting Load/Save Random Seed...
         Mounting Kernel Configuration File System...
         Starting Apply Kernel Variables...
         Mounting FUSE Control File System...
         Starting Flush Journal to Persistent Storage...
[[0;32m  OK  [0m] Started Monitoring of LVM2 mirrors,â€¦sing dmeventd or progress polling.
[[0;32m  OK  [0m] Started udev Coldplug all Devices.
[[0;32m  OK  [0m] Started Create Static Device Nodes in /dev.
[[0;32m  OK  [0m] Started Load/Save Random Seed.
[[0;32m  OK  [0m] Mounted Kernel Configuration File System.
[[0;32m  OK  [0m] Mounted FUSE Control File System.
         Starting udev Kernel Device Manager...
[[0;32m  OK  [0m] Reached target Local File Systems (Pre).
[[0;32m  OK  [0m] Reached target Local File Systems.
         Starting AppArmor initialization...
         Starting ebtables ruleset management...
         Starting Set console font and keymap...
         Starting Tell Plymouth To Write Out Runtime Data...
[[0;32m  OK  [0m] Started Apply Kernel Variables.
[[0;32m  OK  [0m] Started udev Kernel Device Manager.
[[0;32m  OK  [0m] Started Dispatch Password Requests to Console Directory Watch.
[[0;32m  OK  [0m] Reached target Local Encrypted Volumes.
[[0;32m  OK  [0m] Started Set console font and keymap.
[[0;32m  OK  [0m] Started Tell Plymouth To Write Out Runtime Data.
[[0;32m  OK  [0m] Started ebtables ruleset management.
[[0;32m  OK  [0m] Started Flush Journal to Persistent Storage.
[[0;32m  OK  [0m] Found device /dev/ttyS0.
         Starting Create Volatile Files and Directories...
[[0;32m  OK  [0m] Started Create Volatile Files and Directories.
[[0;32m  OK  [0m] Listening on Load/Save RF Kill Switch Status /dev/rfkill Watch.
         Starting Update UTMP about System Boot/Shutdown...
[[0;32m  OK  [0m] Started AppArmor initialization.
         Starting Initial cloud-init job (pre-networking)...
[[0;32m  OK  [0m] Started Update UTMP about System Boot/Shutdown.
[   33.901672] cloud-init[527]: Cloud-init v. 19.1-1-gbaa47854-0ubuntu1~18.04.1 running 'init-local' at Wed, 13 Nov 2019 19:40:24 +0000. Up 33.70 seconds.
[[0;32m  OK  [0m] Started Initial cloud-init job (pre-networking).
[[0;32m  OK  [0m] Reached target Network (Pre).
         Starting Network Service...
[[0;32m  OK  [0m] Started Network Service.
         Starting Network Name Resolution...
         Starting Wait for Network to be Configured...
[[0;32m  OK  [0m] Started Network Name Resolution.
[[0;32m  OK  [0m] Reached target Network.
[[0;32m  OK  [0m] Reached target Host and Network Name Lookups.
[[0;32m  OK  [0m] Started Wait for Network to be Configured.
         Starting Initial cloud-init job (metadata service crawler)...
[   36.013468] cloud-init[715]: Cloud-init v. 19.1-1-gbaa47854-0ubuntu1~18.04.1 running 'init' at Wed, 13 Nov 2019 19:40:26 +0000. Up 35.87 seconds.
[   36.048287] cloud-init[715]: ci-info: ++++++++++++++++++++++++++++++++++++++Net device info+++++++++++++++++++++++++++++++++++++++
[   36.078425] cloud-init[715]: ci-info: +--------+------+-----------------------------+---------------+--------+-------------------+
[   36.082487] cloud-init[715]: ci-info: | Device |  Up  |           Address           |      Mask     | Scope  |     Hw-Address    |
[   36.084665] cloud-init[715]: ci-info: +--------+------+-----------------------------+---------------+--------+-------------------+
[   36.086675] cloud-init[715]: ci-info: | enp0s3 | True |          10.0.2.15          | 255.255.255.0 | global | 02:76:54:76:58:75 |
[   36.105072] cloud-init[715]: ci-info: | enp0s3 | True |  fe80::76:54ff:fe76:5875/64 |       .       |  link  | 02:76:54:76:58:75 |
[   36.128685] cloud-init[715]: ci-info: | enp0s8 | True |        192.168.33.10        | 255.255.255.0 | global | 08:00:27:b6:13:f0 |
[   36.130727] cloud-init[715]: ci-info: | enp0s8 | True | fe80::a00:27ff:feb6:13f0/64 |       .       |  link  | 08:00:27:b6:13:f0 |
[   36.168424] cloud-init[715]: ci-info: |   lo   | True |          127.0.0.1          |   255.0.0.0   |  host  |         .         |
[[   36.257055] cloud-init[715]: ci-info: |   lo   | True |           ::1/128           |       .       |  host  |         .         |
[   36.257401] cloud-init[715]: ci-info: +--------+------+-----------------------------+---------------+--------+-------------------+
[0;32m  OK  [0m[   36.257875] ] cloud-initStarted Initial cloud-init job (metadata service crawler).[715]: 
ci-info: +++++++++++++++++++++++++++++Route IPv4 info+++++++++++++++++++++++++++++
[   36.257936] cloud-init[715]: ci-info: +-------+--------------+----------+-----------------+-----------+-------+
[[   36.681175] cloud-init[715]: ci-info: | Route | Destination  | Gateway  |     Genmask     | Interface | Flags |
[   36.681936] cloud-init[715]: ci-info: +-------+--------------+----------+-----------------+-----------+-------+
[0;32m  OK  [0m] Reached target System Initialization.
[   36.682991] cloud-init[715]: ci-info: |   0   |   0.0.0.0    | 10.0.2.2 |     0.0.0.0     |   enp0s3  |   UG  |
[[   36.875789] cloud-init[715]: ci-info: |   1   |   10.0.2.0   | 0.0.0.0  |  255.255.255.0  |   enp0s3  |   U   |
[   36.876175] cloud-init[715]: ci-info: |   2   |   10.0.2.2   | 0.0.0.0  | 255.255.255.255 |   enp0s3  |   UH  |
[   36.877163] cloud-init[715]: ci-info: |   3   | 192.168.33.0 | 0.0.0.0  |  255.255.255.0  |   enp0s8  |   U   |
[   36.877926] cloud-init[715]: ci-info: +-------+--------------+----------+-----------------+-----------+-------+
[   36.878247] cloud-init[715]: ci-info: +++++++++++++++++++Route IPv6 info+++++++++++++++++++
[   36.879066] cloud-init[715]: ci-info: +-------+-------------+---------+-----------+-------+
[   36.879333] cloud-init[715]: ci-info: | Route | Destination | Gateway | Interface | Flags |
[   36.879739] cloud-init[715]: ci-info: +-------+-------------+---------+-----------+-------+
[   36.880567] cloud-init[715]: ci-info: |   1   |  fe80::/64  |    ::   |   enp0s8  |   U   |
[0;32m  OK  [0m] Started Daily Cleanup of Temporary Directories.
[   36.880609] cloud-init[715]: ci-info: |   2   |  fe80::/64  |    ::   |   enp0s3  |   U   |
[[0;32m  OK  [0m[   36.916496] cloud-init[715]: ci-info: |   4   |    local    |    ::   |   enp0s3  |   U   |
[   36.917161] cloud-init[715]: ci-info: |   5   |    local    |    ::   |   enp0s8  |   U   |
[   36.917294] cloud-init[715]: ci-info: |   6   |   ff00::/8  |    ::   |   enp0s8  |   U   |
[   36.917704] cloud-init[715]: ci-info: |   7   |   ff00::/8  |    ::   |   enp0s3  |   U   |
[   36.917907] cloud-init[715]: ci-info: +-------+-------------+---------+-----------+-------+
] Started Discard unused blocks once a week.
[[0;32m  OK  [0m] Listening on UUID daemon activation socket.
[[0;32m  OK  [0m] Listening on Open-iSCSI iscsid Socket.
         Starting Socket activation for snappy daemon.
[[0;32m  OK  [0m] Started Daily apt download activities.
         Starting LXD - unix socket.
[[0;32m  OK  [0m] Started Message of the Day.
[[0;32m  OK  [0m] Started ACPI Events Check.
[[0;32m  OK  [0m] Reached target Paths.
[[0;32m  OK  [0m] Listening on ACPID Listen Socket.
[[0;32m  OK  [0m] Started Daily apt upgrade and clean activities.
[[0;32m  OK  [0m] Reached target Timers.
[[0;32m  OK  [0m] Listening on D-Bus System Message Bus Socket.
[[0;32m  OK  [0m] Reached target Cloud-config availability.
[[0;32m  OK  [0m] Reached target Network is Online.
[[0;32m  OK  [0m] Reached target Remote File Systems (Pre).
[[0;32m  OK  [0m] Reached target Remote File Systems.
         Starting Availability of block devices...
[[0;32m  OK  [0m] Listening on Socket activation for snappy daemon.
[[0;32m  OK  [0m] Listening on LXD - unix socket.
[[0;32m  OK  [0m] Started Availability of block devices.
[[0;32m  OK  [0m] Reached target Sockets.
[[0;32m  OK  [0m] Reached target Basic System.
         Starting Accounts Service...
[[0;32m  OK  [0m] Started D-Bus System Message Bus.
[[0;32m  OK  [0m] Started irqbalance daemon.
[[0;32m  OK  [0m] Started FUSE filesystem for LXC.
         Starting Login Service...
         Starting LSB: automatic crash report generation...
[[0;32m  OK  [0m] Started Deferred execution scheduler.
         Starting Permit User Sessions...
[[0;32m  OK  [0m] Started Regular background program processing daemon.
         Starting LXD - container startup/shutdown...
         Starting LSB: Record successful boot for GRUB...
         Starting Dispatcher daemon for systemd-networkd...
         Starting System Logging Service...
         Starting vboxadd.service...
         Starting OpenBSD Secure Shell server...
         Starting Snappy daemon...
[[0;32m  OK  [0m] Started System Logging Service.
[[0;32m  OK  [0m] Started Permit User Sessions.
[[0;32m  OK  [0m] Started LXD - container startup/shutdown.
[[0;32m  OK  [0m] Started OpenBSD Secure Shell server.
[[0;32m  OK  [0m] Started Dispatcher daemon for systemd-networkd.
[[0;32m  OK  [0m] Started Login Service.
[[0;32m  OK  [0m] Started LSB: Record successful boot for GRUB.
[[0;32m  OK  [0m] Started Snappy daemon.
[[0;32m  OK  [0m] Started LSB: automatic crash report generation.
         Starting Wait until snapd is fully seeded...
[[0;32m  OK  [0m] Started Unattended Upgrades Shutdown.
         Starting Authorization Manager...
         Starting Hold until boot process finishes up...
         Starting Terminate Plymouth Boot Screen...
[[0;32m  OK  [0m] Started vboxadd.service.
[[0;32m  OK  [0m] Started Wait until snapd is fully seeded.
[[0;32m  OK  [0m] Started Hold until boot process finishes up.
[[0;32m  OK  [0m] Started Terminate Plymouth Boot Screen.
[[0;32m  OK  [0m] Started Authorization Manager.
[[0;32m  OK  [0m] Started Accounts Service.
[[0;32m  OK  [0m] Started Serial Getty on ttyS0.
         Starting Set console scheme...
         Starting Apply the settings specified in cloud-config...
         Starting vboxadd-service.service...
[[0;32m  OK  [0m] Started Set console scheme.
[[0;32m  OK  [0m] Started vboxadd-service.service.
[[0;32m  OK  [0m] Created slice User Slice of vagrant.
[[0;32m  OK  [0m] Created slice system-getty.slice.
[[0;32m  OK  [0m] Started Getty on tty1.
[[0;32m  OK  [0m] Reached target Login Prompts.
[[0;32m  OK  [0m] Reached target Multi-User System.
[[0;32m  OK  [0m] Reached target Graphical Interface.
         Starting Update UTMP about System Runlevel Changes...
[[0;32m  OK  [0m] Started Session 1 of user vagrant.
         Starting User Manager for UID 1000...
[[0;32m  OK  [0m] Started Update UTMP about System Runlevel Changes.
[[0;32m  OK  [0m] Started User Manager for UID 1000.
[   39.400388] cloud-init[1167]: Cloud-init v. 19.1-1-gbaa47854-0ubuntu1~18.04.1 running 'modules:config' at Wed, 13 Nov 2019 19:40:30 +0000. Up 39.30 seconds.
[[0;32m  OK  [0m] Started Apply the settings specified in cloud-config.
         Starting Execute cloud user/final scripts...
[   39.872830] cloud-init[1280]: Cloud-init v. 19.1-1-gbaa47854-0ubuntu1~18.04.1 running 'modules:final' at Wed, 13 Nov 2019 19:40:30 +0000. Up 39.78 seconds.
[[0;32m  OK  [0m] Started Execute cloud user/final scripts.
[   40.002284] cloud-init[1280]: Cloud-init v. 19.1-1-gbaa47854-0ubuntu1~18.04.1 finished at Wed, 13 Nov 2019 19:40:30 +0000. Datasource DataSourceNoCloud [seed=/dev/sdb][dsmode=net].  Up 39.86 seconds
[[0;32m  OK  [0m] Reached target Cloud-init target.

Ubuntu 18.04.3 LTS ubuntu-bionic ttyS0

ubuntu-bionic login: 